// Jest Snapshot v1, https://goo.gl/fbAQLP

exports[`renders correctly 1`] = `
<View
  style={
    Object {
      "color": "#000000",
    }
  }
>
  <Text
    style={
      Object {
        "alignItems": "stretch",
        "_fontWeight": "500",
        "marginBottom": 2,
        "marginLeft": 2,
        "marginRight": 2,
        "marginTop": 2,
      }
    }
  >
    Welcome
  </Text>
  <View
    style={
      Object {
        "color": "#000000",
      }
    }
  >
    <Text
      style={
        Object {
          "alignItems": "stretch",
          "color": "#fff",
          "marginBottom": 2,
          "marginLeft": 2,
          "marginRight": 2,
          "marginTop": 2,
        }
      }
    >
      Component Text
    </Text>
  </View>
</View>
`;
